// Jest Snapshot v1, https://goo.gl/fbAQLP

exports[`App component should render Liquidity component 1`] = `
<Connect(BaseContainerWrapper)>
  <Chart
    data={
      Array [
        Object {
          "name": "Bitcoin",
          "x": "63873838473.77",
          "y": "5975281731.46",
          "z": "0.16",
        },
        Object {
          "name": "Ethereum",
          "x": "12987911401.88",
          "y": "2856017744.24",
          "z": "0.64",
        },
        Object {
          "name": "XRP",
          "x": "12428041071.85",
          "y": "369203448.53",
          "z": "-0.20",
        },
        Object {
          "name": "Litecoin",
          "x": "2648859451.42",
          "y": "1011554648.36",
          "z": "0.20",
        },
        Object {
          "name": "EOS",
          "x": "2564448731.50",
          "y": "722857742.88",
          "z": "0.55",
        },
        Object {
          "name": "Bitcoin Cash",
          "x": "2151090318.22",
          "y": "180356167.13",
          "z": "-0.75",
        },
        Object {
          "name": "Tether",
          "x": "2024367903.62",
          "y": "4357295800.68",
          "z": "-0.27",
        },
        Object {
          "name": "TRON",
          "x": "1592104689.49",
          "y": "115038533.52",
          "z": "-0.23",
        },
        Object {
          "name": "Stellar",
          "x": "1498551887.29",
          "y": "138845434.80",
          "z": "-1.01",
        },
        Object {
          "name": "Binance Coin",
          "x": "1274852235.05",
          "y": "63572981.29",
          "z": "-2.08",
        },
        Object {
          "name": "Bitcoin SV",
          "x": "1093963709.66",
          "y": "71341694.68",
          "z": "-1.16",
        },
        Object {
          "name": "Cardano",
          "x": "1062237137.54",
          "y": "10663773.52",
          "z": "0.10",
        },
        Object {
          "name": "Monero",
          "x": "793144872.86",
          "y": "48920701.23",
          "z": "-1.19",
        },
        Object {
          "name": "IOTA",
          "x": "769012737.52",
          "y": "6551435.64",
          "z": "1.29",
        },
        Object {
          "name": "Dash",
          "x": "686226630.23",
          "y": "198368759.70",
          "z": "-0.14",
        },
        Object {
          "name": "NEO",
          "x": "546196740.82",
          "y": "189048075.00",
          "z": "1.73",
        },
        Object {
          "name": "Maker",
          "x": "509873276.84",
          "y": "1569169.95",
          "z": "0.31",
        },
        Object {
          "name": "Ethereum Classic",
          "x": "445770836.99",
          "y": "198644403.80",
          "z": "-0.41",
        },
        Object {
          "name": "NEM",
          "x": "374349377.77",
          "y": "12787701.15",
          "z": "-0.18",
        },
        Object {
          "name": "Zcash",
          "x": "300943052.49",
          "y": "157358250.31",
          "z": "-1.08",
        },
        Object {
          "name": "Tezos",
          "x": "265994321.15",
          "y": "2051010.26",
          "z": "0.15",
        },
        Object {
          "name": "Waves",
          "x": "261918900.56",
          "y": "8526099.52",
          "z": "-1.56",
        },
        Object {
          "name": "USD Coin",
          "x": "247361063.61",
          "y": "46537991.91",
          "z": "0.03",
        },
        Object {
          "name": "Dogecoin",
          "x": "232408115.03",
          "y": "16230676.61",
          "z": "2.76",
        },
        Object {
          "name": "VeChain",
          "x": "226373914.54",
          "y": "7461170.26",
          "z": "1.88",
        },
        Object {
          "name": "Ontology",
          "x": "211047997.43",
          "y": "61157487.35",
          "z": "-1.36",
        },
        Object {
          "name": "TrueUSD",
          "x": "210233451.39",
          "y": "50284378.78",
          "z": "-0.11",
        },
        Object {
          "name": "Bitcoin Gold",
          "x": "178689339.22",
          "y": "7377059.13",
          "z": "-3.31",
        },
        Object {
          "name": "Holo",
          "x": "176557022.13",
          "y": "8931298.06",
          "z": "2.15",
        },
        Object {
          "name": "OmiseGO",
          "x": "173023886.00",
          "y": "41487378.70",
          "z": "6.18",
        },
        Object {
          "name": "Qtum",
          "x": "172938474.08",
          "y": "135236565.19",
          "z": "-0.85",
        },
        Object {
          "name": "Basic Attention Token",
          "x": "161450480.94",
          "y": "4983280.20",
          "z": "0.06",
        },
        Object {
          "name": "Decred",
          "x": "155459160.87",
          "y": "1499934.20",
          "z": "-0.60",
        },
        Object {
          "name": "Chainlink",
          "x": "152441974.37",
          "y": "2615925.08",
          "z": "-0.37",
        },
        Object {
          "name": "Augur",
          "x": "148416137.90",
          "y": "2928526.27",
          "z": "-0.36",
        },
        Object {
          "name": "Zilliqa",
          "x": "143261549.36",
          "y": "8420069.74",
          "z": "1.49",
        },
        Object {
          "name": "0x",
          "x": "138078579.91",
          "y": "10256267.57",
          "z": "2.72",
        },
        Object {
          "name": "Lisk",
          "x": "137590179.86",
          "y": "3110998.99",
          "z": "3.33",
        },
        Object {
          "name": "Pundi X",
          "x": "115631969.03",
          "y": "3384873.06",
          "z": "-2.42",
        },
        Object {
          "name": "Paxos Standard Token",
          "x": "115183276.52",
          "y": "70386771.55",
          "z": "0.11",
        },
        Object {
          "name": "Bytecoin",
          "x": "114282819.05",
          "y": "69075.10",
          "z": "1.33",
        },
        Object {
          "name": "Nano",
          "x": "112890859.46",
          "y": "892468.67",
          "z": "0.28",
        },
        Object {
          "name": "BitShares",
          "x": "111650146.69",
          "y": "4974603.07",
          "z": "2.54",
        },
        Object {
          "name": "Bitcoin Diamond",
          "x": "110662544.72",
          "y": "606407.73",
          "z": "0.43",
        },
        Object {
          "name": "ICON",
          "x": "109378208.98",
          "y": "6354887.27",
          "z": "2.42",
        },
        Object {
          "name": "DigiByte",
          "x": "103673596.93",
          "y": "1076701.14",
          "z": "0.68",
        },
        Object {
          "name": "Steem",
          "x": "101048297.02",
          "y": "3975292.74",
          "z": "-0.73",
        },
        Object {
          "name": "Aeternity",
          "x": "95144840.61",
          "y": "47137179.57",
          "z": "-2.03",
        },
        Object {
          "name": "Siacoin",
          "x": "92982355.08",
          "y": "2159194.93",
          "z": "4.89",
        },
        Object {
          "name": "Verge",
          "x": "90603647.60",
          "y": "498296.85",
          "z": "-0.54",
        },
        Object {
          "name": "Komodo",
          "x": "89215720.86",
          "y": "6092091.64",
          "z": "8.32",
        },
        Object {
          "name": "Stratis",
          "x": "84551804.04",
          "y": "1377728.54",
          "z": "0.60",
        },
        Object {
          "name": "IOST",
          "x": "83094599.73",
          "y": "4375270.82",
          "z": "2.97",
        },
        Object {
          "name": "Bytom",
          "x": "80543855.31",
          "y": "2137477.08",
          "z": "-0.13",
        },
        Object {
          "name": "Gemini Dollar",
          "x": "78986086.66",
          "y": "66763609.52",
          "z": "-0.11",
        },
        Object {
          "name": "Dai",
          "x": "77745079.62",
          "y": "13314081.91",
          "z": "0.42",
        },
        Object {
          "name": "Status",
          "x": "69308920.93",
          "y": "26364466.80",
          "z": "4.21",
        },
        Object {
          "name": "Revain",
          "x": "68931679.28",
          "y": "1620397.17",
          "z": "-0.02",
        },
        Object {
          "name": "THETA",
          "x": "68796218.98",
          "y": "3809680.88",
          "z": "0.37",
        },
        Object {
          "name": "Populous",
          "x": "67326879.46",
          "y": "3306967.89",
          "z": "1.55",
        },
        Object {
          "name": "REPO",
          "x": "60305790.13",
          "y": "57144.47",
          "z": "-0.91",
        },
        Object {
          "name": "Golem",
          "x": "59876166.18",
          "y": "3618016.88",
          "z": "4.43",
        },
        Object {
          "name": "Electroneum",
          "x": "58894880.95",
          "y": "132247.65",
          "z": "-1.90",
        },
        Object {
          "name": "Cryptonex",
          "x": "58301276.74",
          "y": "5425172.54",
          "z": "0.44",
        },
        Object {
          "name": "Ark",
          "x": "56232291.08",
          "y": "3970351.67",
          "z": "9.01",
        },
        Object {
          "name": "Ardor",
          "x": "55521801.84",
          "y": "2049315.50",
          "z": "6.16",
        },
        Object {
          "name": "Mixin",
          "x": "55499888.61",
          "y": "433168.13",
          "z": "6.33",
        },
        Object {
          "name": "Huobi Token",
          "x": "54953429.26",
          "y": "3161865.21",
          "z": "-1.06",
        },
        Object {
          "name": "Factom",
          "x": "53060411.94",
          "y": "38289.02",
          "z": "1.13",
        },
        Object {
          "name": "MaidSafeCoin",
          "x": "53083677.74",
          "y": "201048.82",
          "z": "0.92",
        },
        Object {
          "name": "HyperCash",
          "x": "49313948.24",
          "y": "1164947.60",
          "z": "-0.70",
        },
        Object {
          "name": "ODEM",
          "x": "48649317.36",
          "y": "811542.02",
          "z": "2.35",
        },
        Object {
          "name": "Insight Chain",
          "x": "47133365.13",
          "y": "1219838.37",
          "z": "-0.19",
        },
        Object {
          "name": "Loopring",
          "x": "43183941.55",
          "y": "752555.27",
          "z": "0.00",
        },
        Object {
          "name": "PIVX",
          "x": "41387388.68",
          "y": "1444991.93",
          "z": "2.64",
        },
        Object {
          "name": "Crypto.com",
          "x": "40993629.74",
          "y": "32762909.72",
          "z": "-0.32",
        },
        Object {
          "name": "Waltonchain",
          "x": "40981790.61",
          "y": "462824.73",
          "z": "-0.25",
        },
        Object {
          "name": "Project Pai",
          "x": "40862909.73",
          "y": "1291513.29",
          "z": "6.08",
        },
        Object {
          "name": "Quant",
          "x": "40578061.86",
          "y": "3882084.21",
          "z": "1.07",
        },
        Object {
          "name": "Linkey",
          "x": "40651178.21",
          "y": "702556.71",
          "z": "0.10",
        },
        Object {
          "name": "Aurora",
          "x": "38914304.36",
          "y": "1610202.07",
          "z": "-6.79",
        },
        Object {
          "name": "Decentraland",
          "x": "38656765.09",
          "y": "3238610.77",
          "z": "3.96",
        },
        Object {
          "name": "Crypto.com Chain",
          "x": "38343518.24",
          "y": "516543.94",
          "z": "-0.11",
        },
        Object {
          "name": "MOAC",
          "x": "39241947.37",
          "y": "47231.91",
          "z": "14.88",
        },
        Object {
          "name": "Veritaseum",
          "x": "37934088.76",
          "y": "1647181.15",
          "z": "7.08",
        },
        Object {
          "name": "Storj",
          "x": "37433022.51",
          "y": "65628031.35",
          "z": "91.10",
        },
        Object {
          "name": "GXChain",
          "x": "35644541.48",
          "y": "6192117.30",
          "z": "2.27",
        },
        Object {
          "name": "Power Ledger",
          "x": "35600034.84",
          "y": "4425951.43",
          "z": "6.23",
        },
        Object {
          "name": "KuCoin Shares",
          "x": "35856864.26",
          "y": "412514.97",
          "z": "8.18",
        },
        Object {
          "name": "Nexo",
          "x": "35380053.85",
          "y": "4392871.90",
          "z": "-0.10",
        },
        Object {
          "name": "MonaCoin",
          "x": "35065762.92",
          "y": "689403.71",
          "z": "3.93",
        },
        Object {
          "name": "aelf",
          "x": "35033715.70",
          "y": "21630581.01",
          "z": "-0.76",
        },
        Object {
          "name": "STASIS EURS",
          "x": "34948496.28",
          "y": "163771.33",
          "z": "0.05",
        },
        Object {
          "name": "Gas",
          "x": "34817546.26",
          "y": "26966274.31",
          "z": "58.25",
        },
        Object {
          "name": "Zcoin",
          "x": "34608572.32",
          "y": "479793.28",
          "z": "1.23",
        },
        Object {
          "name": "WAX",
          "x": "34494169.56",
          "y": "936897.62",
          "z": "4.87",
        },
        Object {
          "name": "ReddCoin",
          "x": "33544885.23",
          "y": "86597.71",
          "z": "-0.66",
        },
        Object {
          "name": "Aion",
          "x": "33284676.54",
          "y": "1051572.46",
          "z": "-0.09",
        },
        Object {
          "name": "Bancor",
          "x": "32275591.30",
          "y": "1120117.30",
          "z": "0.16",
        },
        Object {
          "name": "Metaverse ETP",
          "x": "31810864.97",
          "y": "580957.69",
          "z": "1.10",
        },
      ]
    }
  />
</Connect(BaseContainerWrapper)>
`;

exports[`App component should render Market Overview component 1`] = `
<Connect(BaseContainerWrapper)>
  <Table
    data={
      Array [
        Object {
          "marketCap": 63873838473.77294,
          "name": "Bitcoin",
          "price": 3641.09616652,
          "priceChange": 0.160106,
          "rank": 1,
          "volume": 5975281731.45762,
        },
        Object {
          "marketCap": 12987911401.88327,
          "name": "Ethereum",
          "price": 123.822051265,
          "priceChange": 0.643938,
          "rank": 2,
          "volume": 2856017744.23665,
        },
        Object {
          "marketCap": 12428041071.85295,
          "name": "XRP",
          "price": 0.301592239582,
          "priceChange": -0.196228,
          "rank": 3,
          "volume": 369203448.526053,
        },
        Object {
          "marketCap": 2648859451.423596,
          "name": "Litecoin",
          "price": 43.7796351309,
          "priceChange": 0.204055,
          "rank": 4,
          "volume": 1011554648.35774,
        },
        Object {
          "marketCap": 2564448731.500239,
          "name": "EOS",
          "price": 2.82975177653,
          "priceChange": 0.553522,
          "rank": 5,
          "volume": 722857742.880917,
        },
        Object {
          "marketCap": 2151090318.2180457,
          "name": "Bitcoin Cash",
          "price": 122.039108926,
          "priceChange": -0.747533,
          "rank": 6,
          "volume": 180356167.127426,
        },
        Object {
          "marketCap": 2024367903.6228793,
          "name": "Tether",
          "price": 1.00143900373,
          "priceChange": -0.267811,
          "rank": 7,
          "volume": 4357295800.67578,
        },
        Object {
          "marketCap": 1592104689.4916232,
          "name": "TRON",
          "price": 0.0238760529955,
          "priceChange": -0.22704,
          "rank": 8,
          "volume": 115038533.51968,
        },
        Object {
          "marketCap": 1498551887.2897396,
          "name": "Stellar",
          "price": 0.0781518723198,
          "priceChange": -1.01244,
          "rank": 9,
          "volume": 138845434.804955,
        },
        Object {
          "marketCap": 1274852235.046097,
          "name": "Binance Coin",
          "price": 9.03026603882,
          "priceChange": -2.08463,
          "rank": 10,
          "volume": 63572981.2897884,
        },
        Object {
          "marketCap": 1093963709.6635396,
          "name": "Bitcoin SV",
          "price": 62.0751199983,
          "priceChange": -1.16277,
          "rank": 11,
          "volume": 71341694.6836635,
        },
        Object {
          "marketCap": 1062237137.5381026,
          "name": "Cardano",
          "price": 0.0409701950701,
          "priceChange": 0.101807,
          "rank": 12,
          "volume": 10663773.5174559,
        },
        Object {
          "marketCap": 793144872.8599366,
          "name": "Monero",
          "price": 47.2158561193,
          "priceChange": -1.19287,
          "rank": 13,
          "volume": 48920701.2323049,
        },
        Object {
          "marketCap": 769012737.5236236,
          "name": "IOTA",
          "price": 0.276670033864,
          "priceChange": 1.29133,
          "rank": 14,
          "volume": 6551435.63827866,
        },
        Object {
          "marketCap": 686226630.2295439,
          "name": "Dash",
          "price": 79.4672327636,
          "priceChange": -0.144974,
          "rank": 15,
          "volume": 198368759.697429,
        },
        Object {
          "marketCap": 546196740.82285,
          "name": "NEO",
          "price": 8.40302678189,
          "priceChange": 1.7256,
          "rank": 16,
          "volume": 189048074.997075,
        },
        Object {
          "marketCap": 509873276.83900005,
          "name": "Maker",
          "price": 509.873276839,
          "priceChange": 0.314654,
          "rank": 17,
          "volume": 1569169.94749356,
        },
        Object {
          "marketCap": 445770836.9868179,
          "name": "Ethereum Classic",
          "price": 4.11466975166,
          "priceChange": -0.411611,
          "rank": 18,
          "volume": 198644403.801337,
        },
        Object {
          "marketCap": 374349377.7682056,
          "name": "NEM",
          "price": 0.0415943753122,
          "priceChange": -0.180051,
          "rank": 19,
          "volume": 12787701.154249,
        },
        Object {
          "marketCap": 300943052.48522437,
          "name": "Zcash",
          "price": 50.905539877,
          "priceChange": -1.08344,
          "rank": 20,
          "volume": 157358250.310183,
        },
        Object {
          "marketCap": 265994321.14994392,
          "name": "Tezos",
          "price": 0.437858633236,
          "priceChange": 0.146736,
          "rank": 21,
          "volume": 2051010.26174127,
        },
        Object {
          "marketCap": 261918900.557,
          "name": "Waves",
          "price": 2.61918900557,
          "priceChange": -1.56382,
          "rank": 22,
          "volume": 8526099.52081128,
        },
        Object {
          "marketCap": 247361063.6116798,
          "name": "USD Coin",
          "price": 1.01250529471,
          "priceChange": 0.0266949,
          "rank": 23,
          "volume": 46537991.9124529,
        },
        Object {
          "marketCap": 232408115.02606946,
          "name": "Dogecoin",
          "price": 0.00196467709508,
          "priceChange": 2.75541,
          "rank": 24,
          "volume": 16230676.6059922,
        },
        Object {
          "marketCap": 226373914.54180145,
          "name": "VeChain",
          "price": 0.00408213861915,
          "priceChange": 1.88476,
          "rank": 25,
          "volume": 7461170.2589845,
        },
        Object {
          "marketCap": 211047997.4318137,
          "name": "Ontology",
          "price": 0.650807089339,
          "priceChange": -1.36414,
          "rank": 26,
          "volume": 61157487.3461787,
        },
        Object {
          "marketCap": 210233451.38520437,
          "name": "TrueUSD",
          "price": 1.01272503925,
          "priceChange": -0.112326,
          "rank": 27,
          "volume": 50284378.776006,
        },
        Object {
          "marketCap": 178689339.21644545,
          "name": "Bitcoin Gold",
          "price": 10.2612911044,
          "priceChange": -3.31152,
          "rank": 28,
          "volume": 7377059.12979358,
        },
        Object {
          "marketCap": 176557022.13445836,
          "name": "Holo",
          "price": 0.00132535814439,
          "priceChange": 2.14975,
          "rank": 29,
          "volume": 8931298.06368642,
        },
        Object {
          "marketCap": 173023886.0021499,
          "name": "OmiseGO",
          "price": 1.2337223764,
          "priceChange": 6.17704,
          "rank": 30,
          "volume": 41487378.6956685,
        },
        Object {
          "marketCap": 172938474.0816819,
          "name": "Qtum",
          "price": 1.93742835498,
          "priceChange": -0.845386,
          "rank": 31,
          "volume": 135236565.190431,
        },
        Object {
          "marketCap": 161450480.94384557,
          "name": "Basic Attention Token",
          "price": 0.131159348815,
          "priceChange": 0.061863,
          "rank": 32,
          "volume": 4983280.19651154,
        },
        Object {
          "marketCap": 155459160.86504626,
          "name": "Decred",
          "price": 16.6615451414,
          "priceChange": -0.602463,
          "rank": 33,
          "volume": 1499934.20060403,
        },
        Object {
          "marketCap": 152441974.36965,
          "name": "Chainlink",
          "price": 0.435548498199,
          "priceChange": -0.365101,
          "rank": 34,
          "volume": 2615925.07865909,
        },
        Object {
          "marketCap": 148416137.8975,
          "name": "Augur",
          "price": 13.4923761725,
          "priceChange": -0.362295,
          "rank": 35,
          "volume": 2928526.27085908,
        },
        Object {
          "marketCap": 143261549.3568292,
          "name": "Zilliqa",
          "price": 0.0173039644272,
          "priceChange": 1.4898,
          "rank": 36,
          "volume": 8420069.74415084,
        },
        Object {
          "marketCap": 138078579.91237813,
          "name": "0x",
          "price": 0.23641437798,
          "priceChange": 2.72423,
          "rank": 37,
          "volume": 10256267.5702027,
        },
        Object {
          "marketCap": 137590179.86126938,
          "name": "Lisk",
          "price": 1.19976051241,
          "priceChange": 3.32812,
          "rank": 38,
          "volume": 3110998.99282559,
        },
        Object {
          "marketCap": 115631969.03007038,
          "name": "Pundi X",
          "price": 0.00067978870867,
          "priceChange": -2.41971,
          "rank": 39,
          "volume": 3384873.06400357,
        },
        Object {
          "marketCap": 115183276.52028663,
          "name": "Paxos Standard Token",
          "price": 1.013089831,
          "priceChange": 0.111626,
          "rank": 40,
          "volume": 70386771.5477972,
        },
        Object {
          "marketCap": 114282819.05265987,
          "name": "Bytecoin",
          "price": 0.000620876774968,
          "priceChange": 1.3346,
          "rank": 41,
          "volume": 69075.104535427,
        },
        Object {
          "marketCap": 112890859.4619329,
          "name": "Nano",
          "price": 0.847221830334,
          "priceChange": 0.283705,
          "rank": 42,
          "volume": 892468.670021173,
        },
        Object {
          "marketCap": 111650146.69227873,
          "name": "BitShares",
          "price": 0.0414740241423,
          "priceChange": 2.54397,
          "rank": 43,
          "volume": 4974603.06806058,
        },
        Object {
          "marketCap": 110662544.72306262,
          "name": "Bitcoin Diamond",
          "price": 0.719724205653,
          "priceChange": 0.432558,
          "rank": 44,
          "volume": 606407.728887957,
        },
        Object {
          "marketCap": 109378208.97773191,
          "name": "ICON",
          "price": 0.231044917281,
          "priceChange": 2.41564,
          "rank": 45,
          "volume": 6354887.27250498,
        },
        Object {
          "marketCap": 103673596.92561728,
          "name": "DigiByte",
          "price": 0.00905814177021,
          "priceChange": 0.683806,
          "rank": 46,
          "volume": 1076701.14305526,
        },
        Object {
          "marketCap": 101048297.01988433,
          "name": "Steem",
          "price": 0.319749773156,
          "priceChange": -0.73103,
          "rank": 47,
          "volume": 3975292.73730297,
        },
        Object {
          "marketCap": 95144840.61350068,
          "name": "Aeternity",
          "price": 0.408311079925,
          "priceChange": -2.03364,
          "rank": 48,
          "volume": 47137179.5688386,
        },
        Object {
          "marketCap": 92982355.07748063,
          "name": "Siacoin",
          "price": 0.00235689503675,
          "priceChange": 4.89346,
          "rank": 49,
          "volume": 2159194.92978777,
        },
        Object {
          "marketCap": 90603647.6003485,
          "name": "Verge",
          "price": 0.00597173304285,
          "priceChange": -0.543053,
          "rank": 50,
          "volume": 498296.852067908,
        },
        Object {
          "marketCap": 89215720.85551737,
          "name": "Komodo",
          "price": 0.797601101479,
          "priceChange": 8.32404,
          "rank": 51,
          "volume": 6092091.64415073,
        },
        Object {
          "marketCap": 84551804.03875469,
          "name": "Stratis",
          "price": 0.852204477879,
          "priceChange": 0.596859,
          "rank": 52,
          "volume": 1377728.54046267,
        },
        Object {
          "marketCap": 83094599.73442686,
          "name": "IOST",
          "price": 0.00691650054943,
          "priceChange": 2.97035,
          "rank": 53,
          "volume": 4375270.81590173,
        },
        Object {
          "marketCap": 80543855.3107837,
          "name": "Bytom",
          "price": 0.0803430559197,
          "priceChange": -0.127712,
          "rank": 54,
          "volume": 2137477.07750939,
        },
        Object {
          "marketCap": 78986086.65528215,
          "name": "Gemini Dollar",
          "price": 1.00807691503,
          "priceChange": -0.114681,
          "rank": 55,
          "volume": 66763609.5231842,
        },
        Object {
          "marketCap": 77745079.61615239,
          "name": "Dai",
          "price": 0.990666512261,
          "priceChange": 0.41782,
          "rank": 56,
          "volume": 13314081.9139712,
        },
        Object {
          "marketCap": 69308920.93044144,
          "name": "Status",
          "price": 0.0199709680737,
          "priceChange": 4.20911,
          "rank": 57,
          "volume": 26364466.8035115,
        },
        Object {
          "marketCap": 68931679.28137724,
          "name": "Revain",
          "price": 0.142288531905,
          "priceChange": -0.0202879,
          "rank": 58,
          "volume": 1620397.17328518,
        },
        Object {
          "marketCap": 68796218.97841865,
          "name": "THETA",
          "price": 0.0892874481443,
          "priceChange": 0.371836,
          "rank": 59,
          "volume": 3809680.87862777,
        },
        Object {
          "marketCap": 67326879.46235698,
          "name": "Populous",
          "price": 1.26430121782,
          "priceChange": 1.54856,
          "rank": 60,
          "volume": 3306967.88789397,
        },
        Object {
          "marketCap": 60305790.12987774,
          "name": "REPO",
          "price": 0.548440834012,
          "priceChange": -0.910763,
          "rank": 61,
          "volume": 57144.4720388602,
        },
        Object {
          "marketCap": 59876166.179546095,
          "name": "Golem",
          "price": 0.0621365703352,
          "priceChange": 4.43207,
          "rank": 62,
          "volume": 3618016.87926982,
        },
        Object {
          "marketCap": 58894880.95042227,
          "name": "Electroneum",
          "price": 0.00658418169228,
          "priceChange": -1.90041,
          "rank": 63,
          "volume": 132247.650312082,
        },
        Object {
          "marketCap": 58301276.73519081,
          "name": "Cryptonex",
          "price": 1.04695852325,
          "priceChange": 0.443619,
          "rank": 64,
          "volume": 5425172.5412026,
        },
        Object {
          "marketCap": 56232291.0823448,
          "name": "Ark",
          "price": 0.518717830126,
          "priceChange": 9.0104,
          "rank": 65,
          "volume": 3970351.6677357,
        },
        Object {
          "marketCap": 55521801.8386967,
          "name": "Ardor",
          "price": 0.0555774073126,
          "priceChange": 6.15748,
          "rank": 66,
          "volume": 2049315.49936376,
        },
        Object {
          "marketCap": 55499888.60833476,
          "name": "Mixin",
          "price": 123.49496901,
          "priceChange": 6.33362,
          "rank": 67,
          "volume": 433168.132974777,
        },
        Object {
          "marketCap": 54953429.26133779,
          "name": "Huobi Token",
          "price": 1.09906418897,
          "priceChange": -1.05739,
          "rank": 68,
          "volume": 3161865.20797973,
        },
        Object {
          "marketCap": 53060411.93562115,
          "name": "Factom",
          "price": 6.06744345985,
          "priceChange": 1.12522,
          "rank": 69,
          "volume": 38289.0190433506,
        },
        Object {
          "marketCap": 53083677.736144096,
          "name": "MaidSafeCoin",
          "price": 0.117298408601,
          "priceChange": 0.918569,
          "rank": 70,
          "volume": 201048.816543669,
        },
        Object {
          "marketCap": 49313948.24323091,
          "name": "HyperCash",
          "price": 1.13287839413,
          "priceChange": -0.704823,
          "rank": 71,
          "volume": 1164947.60241122,
        },
        Object {
          "marketCap": 48649317.3621939,
          "name": "ODEM",
          "price": 0.218382499063,
          "priceChange": 2.35294,
          "rank": 72,
          "volume": 811542.023214981,
        },
        Object {
          "marketCap": 47133365.12993662,
          "name": "Insight Chain",
          "price": 0.282993720424,
          "priceChange": -0.193821,
          "rank": 73,
          "volume": 1219838.37307636,
        },
        Object {
          "marketCap": 43183941.5456544,
          "name": "Loopring",
          "price": 0.0547335746667,
          "priceChange": 0.000443571,
          "rank": 74,
          "volume": 752555.270290336,
        },
        Object {
          "marketCap": 41387388.68494361,
          "name": "PIVX",
          "price": 0.728892898936,
          "priceChange": 2.63904,
          "rank": 75,
          "volume": 1444991.93167323,
        },
        Object {
          "marketCap": 40993629.73976446,
          "name": "Crypto.com",
          "price": 2.59554692546,
          "priceChange": -0.319989,
          "rank": 76,
          "volume": 32762909.7214976,
        },
        Object {
          "marketCap": 40981790.60686014,
          "name": "Waltonchain",
          "price": 0.999556858005,
          "priceChange": -0.248308,
          "rank": 77,
          "volume": 462824.729614454,
        },
        Object {
          "marketCap": 40862909.73319905,
          "name": "Project Pai",
          "price": 0.028960948877,
          "priceChange": 6.08334,
          "rank": 78,
          "volume": 1291513.28802006,
        },
        Object {
          "marketCap": 40578061.85814388,
          "name": "Quant",
          "price": 4.15025908367,
          "priceChange": 1.06693,
          "rank": 79,
          "volume": 3882084.20579929,
        },
        Object {
          "marketCap": 40651178.211950004,
          "name": "Linkey",
          "price": 0.813023564239,
          "priceChange": 0.0998195,
          "rank": 80,
          "volume": 702556.705532087,
        },
        Object {
          "marketCap": 38914304.35747618,
          "name": "Aurora",
          "price": 0.00594808019099,
          "priceChange": -6.79072,
          "rank": 81,
          "volume": 1610202.06712308,
        },
        Object {
          "marketCap": 38656765.08981216,
          "name": "Decentraland",
          "price": 0.0368110057005,
          "priceChange": 3.95756,
          "rank": 82,
          "volume": 3238610.77268571,
        },
        Object {
          "marketCap": 38343518.24152186,
          "name": "Crypto.com Chain",
          "price": 0.0124680482478,
          "priceChange": -0.114232,
          "rank": 83,
          "volume": 516543.943342196,
        },
        Object {
          "marketCap": 39241947.36811075,
          "name": "MOAC",
          "price": 0.628239722471,
          "priceChange": 14.8815,
          "rank": 84,
          "volume": 47231.9097494439,
        },
        Object {
          "marketCap": 37934088.756745145,
          "name": "Veritaseum",
          "price": 17.6466641448,
          "priceChange": 7.07521,
          "rank": 85,
          "volume": 1647181.14510045,
        },
        Object {
          "marketCap": 37433022.50991953,
          "name": "Storj",
          "price": 0.275673676949,
          "priceChange": 91.1033,
          "rank": 86,
          "volume": 65628031.3484566,
        },
        Object {
          "marketCap": 35644541.47506,
          "name": "GXChain",
          "price": 0.594075691251,
          "priceChange": 2.26959,
          "rank": 87,
          "volume": 6192117.29838283,
        },
        Object {
          "marketCap": 35600034.84483806,
          "name": "Power Ledger",
          "price": 0.0898380502574,
          "priceChange": 6.2266,
          "rank": 88,
          "volume": 4425951.42886743,
        },
        Object {
          "marketCap": 35856864.25743844,
          "name": "KuCoin Shares",
          "price": 0.398675758797,
          "priceChange": 8.18342,
          "rank": 89,
          "volume": 412514.968587526,
        },
        Object {
          "marketCap": 35380053.85477333,
          "name": "Nexo",
          "price": 0.0631786663568,
          "priceChange": -0.0987957,
          "rank": 90,
          "volume": 4392871.89552267,
        },
        Object {
          "marketCap": 35065762.91745628,
          "name": "MonaCoin",
          "price": 0.533484502794,
          "priceChange": 3.92703,
          "rank": 91,
          "volume": 689403.712549078,
        },
        Object {
          "marketCap": 35033715.696,
          "name": "aelf",
          "price": 0.1251204132,
          "priceChange": -0.755789,
          "rank": 92,
          "volume": 21630581.0064611,
        },
        Object {
          "marketCap": 34948496.27798621,
          "name": "STASIS EURS",
          "price": 1.12812753012,
          "priceChange": 0.0542499,
          "rank": 93,
          "volume": 163771.334155445,
        },
        Object {
          "marketCap": 34817546.263251424,
          "name": "Gas",
          "price": 3.4376240907,
          "priceChange": 58.2529,
          "rank": 94,
          "volume": 26966274.3064108,
        },
        Object {
          "marketCap": 34608572.317470305,
          "name": "Zcoin",
          "price": 5.08152739927,
          "priceChange": 1.22873,
          "rank": 95,
          "volume": 479793.277367575,
        },
        Object {
          "marketCap": 34494169.55908054,
          "name": "WAX",
          "price": 0.0367884021576,
          "priceChange": 4.86615,
          "rank": 96,
          "volume": 936897.621991627,
        },
        Object {
          "marketCap": 33544885.22504122,
          "name": "ReddCoin",
          "price": 0.00116440068054,
          "priceChange": -0.659033,
          "rank": 97,
          "volume": 86597.7098994472,
        },
        Object {
          "marketCap": 33284676.538034264,
          "name": "Aion",
          "price": 0.117609890446,
          "priceChange": -0.0908502,
          "rank": 98,
          "volume": 1051572.45505223,
        },
        Object {
          "marketCap": 32275591.303581156,
          "name": "Bancor",
          "price": 0.516054553255,
          "priceChange": 0.161723,
          "rank": 99,
          "volume": 1120117.29755228,
        },
        Object {
          "marketCap": 31810864.973246202,
          "name": "Metaverse ETP",
          "price": 0.578226280007,
          "priceChange": 1.09656,
          "rank": 100,
          "volume": 580957.686382343,
        },
      ]
    }
  />
</Connect(BaseContainerWrapper)>
`;
